// Jest Snapshot v1, https://goo.gl/fbAQLP

exports[`Spinner renders correctly 1`] = `
<styled.div
  flexDirection="column"
>
  <Spinner
    animation="border"
    size="sm"
    variant="secondary"
  />
</styled.div>
`;
