// Jest Snapshot v1, https://goo.gl/fbAQLP

exports[`ErrorMessage renders correctly 1`] = `
<p
  className="sc-AxjAm sc-AxirZ bnUqlr"
/>
`;
