// Jest Snapshot v1, https://goo.gl/fbAQLP

exports[`FlexBox renders correctly 1`] = `
<div
  className="sc-AxjAm cUxzLf"
/>
`;
