// Jest Snapshot v1, https://goo.gl/fbAQLP

exports[`TableHead renders correctly 1`] = `
<th
  className="sc-AxjAm jWlVxK"
/>
`;
