// Jest Snapshot v1, https://goo.gl/fbAQLP

exports[`TableCell renders correctly 1`] = `
<td
  className="sc-AxjAm kLWhh"
/>
`;
