// Jest Snapshot v1, https://goo.gl/fbAQLP

exports[`TableErrorContainer renders correctly 1`] = `
<td
  className="sc-AxjAm cFFbws"
/>
`;
