// Jest Snapshot v1, https://goo.gl/fbAQLP

exports[`Text renders correctly 1`] = `
.c0 {
  font-size: 1em;
  font-weight: 400;
  color: #000;
  margin: 0px;
  padding: 0px;
  border: 0;
}

<p
  className="c0"
/>
`;
