// Jest Snapshot v1, https://goo.gl/fbAQLP

exports[`AuthFormContainer renders correctly 1`] = `
<div
  className="sc-AxjAm exsDco"
/>
`;
