// Jest Snapshot v1, https://goo.gl/fbAQLP

exports[`App renders correctly 1`] = `
<BrowserRouter>
  <Component
    logOutAction={[MockFunction]}
    loggedIn={false}
  />
  <styled.div
    margin="2% 10%"
    width="80%"
  >
    <Switch>
      <Route
        component={
          Object {
            "$$typeof": Symbol(react.memo),
            "WrappedComponent": [Function],
            "compare": null,
            "displayName": "Connect(Home)",
            "type": [Function],
          }
        }
        exact={true}
        path="/"
      />
      <Redirect
        from="*"
        to="/"
      />
    </Switch>
  </styled.div>
</BrowserRouter>
`;
