// Jest Snapshot v1, https://goo.gl/fbAQLP

exports[`HeaderButton renders correctly 1`] = `
<Button
  active={false}
  className="sc-AxjAm fzkjGo"
  disabled={false}
  type="button"
  variant="primary"
/>
`;
