// Jest Snapshot v1, https://goo.gl/fbAQLP

exports[`HeaderInputField renders correctly 1`] = `
<FormControl
  className="sc-AxjAm hInynK"
/>
`;
