// Jest Snapshot v1, https://goo.gl/fbAQLP

exports[`TableButton renders correctly 1`] = `
<Button
  active={false}
  className="sc-AxjAm XCNff"
  disabled={false}
  type="button"
  variant="primary"
/>
`;
