// Jest Snapshot v1, https://goo.gl/fbAQLP

exports[`TableBadge renders correctly 1`] = `
<Styled(Badge)
  variant="success"
>
  Booked
</Styled(Badge)>
`;
