// Jest Snapshot v1, https://goo.gl/fbAQLP

exports[`TableInputField renders correctly 1`] = `
<FormControl
  className="sc-AxjAm jdsAYC"
/>
`;
