// Jest Snapshot v1, https://goo.gl/fbAQLP

exports[`HeaderContainer renders correctly 1`] = `
<div
  className="sc-AxjAm sc-AxirZ fShRZP"
/>
`;
